http_interactions:
- request:
    method: get
    uri: <<<fake_server>>>/<<fake workspace>>/api/v1/users/<<<fake_user>>>
    body:
      encoding: ''
      string: ''
    headers:
      Accept: application/json
      Content-Type: application/json
  response:
    status:
      status_code: 200
      category: Success
      reason: OK
      message: 'Success: (200) OK'
    headers:
      cache-control: no-store, no-cache
      transfer-encoding: chunked
      content-type: application/json; charset=utf-8
      content-encoding: gzip
      content-language: en-US
      vary: Accept-Encoding
      server: Kestrel
      x-powered-by: ASP.NET
      date: Mon, 07 Oct 2024 19:24:04 GMT
    body:
      encoding: ''
      file: no
      string: '{"IsArchived":false,"UserId":"01e010d6-bfe9-42f0-b21f-8b40027dce03","UserName":"<<<fake_user>>>","Role":"Administrator","IsLocked":false,"CreationDate":"2021-03-15T16:45:49.164263Z","Email":"jshaw@worldbank.org","FullName":"Administrator"}'
  recorded_at: 2024-10-07 19:24:06 GMT
  recorded_with: vcr/1.6.0, webmockr/1.0.0
- request:
    method: post
    uri: <<<fake_server>>>/graphql
    body:
      encoding: ''
      string: '{"query":"{    interviews (        workspace: \"<<fake workspace>>\"        take:
        1        skip: 0    ) {        filteredCount    }}"}'
    headers:
      User-Agent: libcurl/8.3.0 r-curl/5.2.2 crul/1.5.0
      Content-Type: application/json
      Accept-Encoding: gzip, deflate
      Accept: application/json, text/xml, application/xml, */*
      authorization: Basic YWRtaW46TXlMZXlsYUxvdmVzTWUyRGF5
  response:
    status:
      status_code: '200'
      message: OK
      explanation: Request fulfilled, document follows
    headers:
      status: HTTP/1.1 200 OK
      transfer-encoding: chunked
      content-type: application/graphql-response+json; charset=utf-8
      content-language: en-US
      server: Kestrel
      x-powered-by: ASP.NET
      date: Mon, 07 Oct 2024 19:24:04 GMT
    body:
      encoding: ''
      file: no
      string: '{"data":{"interviews":{"filteredCount":16}}}'
  recorded_at: 2024-10-07 19:24:06 GMT
  recorded_with: vcr/1.6.0, webmockr/1.0.0
- request:
    method: post
    uri: <<<fake_server>>>/graphql
    body:
      encoding: ''
      string: '{"query":"{ interviews ( workspace: \"<<fake workspace>>\" take: 100 skip: 0 )
        { nodes { id key assignmentId identifyingData { answerValue value valueBool
        valueDate valueLong valueDouble isEnabled entity { identifying label options
        { parentValue title value } questionText scope type variable } } questionnaireId
        questionnaireVersion questionnaireVariable responsibleName responsibleId responsibleRole
        supervisorName status actionFlags wasCompleted notAnsweredCount errorsCount
        createdDate updateDateUtc receivedByInterviewerAtUtc interviewMode } filteredCount
        } }"}'
    headers:
      User-Agent: libcurl/8.3.0 r-curl/5.2.2 crul/1.5.0
      Content-Type: application/json
      Accept-Encoding: gzip, deflate
      Accept: application/json, text/xml, application/xml, */*
      authorization: Basic YWRtaW46TXlMZXlsYUxvdmVzTWUyRGF5
  response:
    status:
      status_code: '200'
      message: OK
      explanation: Request fulfilled, document follows
    headers:
      status: HTTP/1.1 200 OK
      transfer-encoding: chunked
      content-type: application/graphql-response+json; charset=utf-8
      content-language: en-US
      server: Kestrel
      x-powered-by: ASP.NET
      date: Mon, 07 Oct 2024 19:24:04 GMT
    body:
      encoding: ''
      file: no
      string: '{"data":{"interviews":{"nodes":[{"id":"b8963820b5b54bf89e11b15ecea36359","key":"31-08-64-55","assignmentId":32,"identifyingData":[{"answerValue":null,"value":"BORRY
        SANNEH","valueBool":null,"valueDate":null,"valueLong":null,"valueDouble":null,"isEnabled":true,"entity":{"identifying":true,"label":"","options":[],"questionText":"Name
        of respondent from last wave","scope":"INTERVIEWER","type":"TEXT","variable":"name_respondent"}},{"answerValue":null,"value":"BORRY
        SANNEH","valueBool":null,"valueDate":null,"valueLong":null,"valueDouble":null,"isEnabled":true,"entity":{"identifying":true,"label":"Name
        of household head","options":[],"questionText":"Name of household head","scope":"INTERVIEWER","type":"TEXT","variable":"name_head"}},{"answerValue":null,"value":"9814058","valueBool":null,"valueDate":null,"valueLong":null,"valueDouble":null,"isEnabled":true,"entity":{"identifying":true,"label":"","options":[],"questionText":"Preferred
        contactnumber","scope":"INTERVIEWER","type":"TEXT","variable":"number_preferred"}},{"answerValue":null,"value":"9814058","valueBool":null,"valueDate":null,"valueLong":null,"valueDouble":null,"isEnabled":true,"entity":{"identifying":true,"label":"","options":[],"questionText":"Contact
        number from last wave","scope":"INTERVIEWER","type":"TEXT","variable":"number_contacted"}},{"answerValue":null,"value":"ANY
        DAY","valueBool":null,"valueDate":null,"valueLong":null,"valueDouble":null,"isEnabled":true,"entity":{"identifying":true,"label":"","options":[],"questionText":"Best
        day(s) to contact","scope":"INTERVIEWER","type":"TEXT","variable":"days_preferred"}},{"answerValue":null,"value":"ANY
        TIME OF THE DAY","valueBool":null,"valueDate":null,"valueLong":null,"valueDouble":null,"isEnabled":true,"entity":{"identifying":true,"label":"","options":[],"questionText":"Best
        time(s) to contact","scope":"INTERVIEWER","type":"TEXT","variable":"times_preferred"}},{"answerValue":null,"value":"13
        Apr","valueBool":null,"valueDate":null,"valueLong":null,"valueDouble":null,"isEnabled":true,"entity":{"identifying":true,"label":"","options":[],"questionText":"Date
        interviewed last wave","scope":"INTERVIEWER","type":"TEXT","variable":"date_interviewed"}},{"answerValue":null,"value":"11-May","valueBool":null,"valueDate":null,"valueLong":null,"valueDouble":null,"isEnabled":true,"entity":{"identifying":true,"label":null,"options":[],"questionText":"Date
        assigned","scope":"INTERVIEWER","type":"TEXT","variable":"dteasg"}},{"answerValue":null,"value":"7308","valueBool":null,"valueDate":null,"valueLong":7308,"valueDouble":null,"isEnabled":true,"entity":{"identifying":true,"label":"Household
        ID","options":[],"questionText":"Household ID (hhid)","scope":"INTERVIEWER","type":"NUMERIC","variable":"hhid"}},{"answerValue":5,"value":"JOLA","valueBool":null,"valueDate":null,"valueLong":null,"valueDouble":null,"isEnabled":true,"entity":{"identifying":true,"label":"","options":[{"parentValue":null,"title":"ENGLISH","value":1},{"parentValue":null,"title":"MANDINKA","value":2},{"parentValue":null,"title":"WOLLOF","value":3},{"parentValue":null,"title":"FULA","value":4},{"parentValue":null,"title":"JOLA","value":5},{"parentValue":null,"title":"SARAHULE","value":6},{"parentValue":null,"title":"SERERE","value":7},{"parentValue":null,"title":"MANJAGO","value":8},{"parentValue":null,"title":"CREOLE/
        AKU MARABOUT","value":9},{"parentValue":null,"title":"BAMBARA","value":10}],"questionText":"Respondent\u0027s
        language","scope":"INTERVIEWER","type":"SINGLEOPTION","variable":"language"}}],"questionnaireId":"5f988101-4a78-43aa-8714-44584093c74d","questionnaireVersion":1,"questionnaireVariable":"GAMBIA_COVID_19Wave6","responsibleName":"ArthurInt123","responsibleId":"cc78158d-e987-4d7e-9cfb-fb4546d2c895","responsibleRole":"INTERVIEWER","supervisorName":"ArthurSup123","status":"INTERVIEWERASSIGNED","actionFlags":["CANCHANGETOCAWI","CANCHANGETOCAPI","CANBEREASSIGNED"],"wasCompleted":false,"notAnsweredCount":71,"errorsCount":0,"createdDate":"2021-05-10T16:54:57.799Z","updateDateUtc":"2024-02-28T22:05:11.566Z","receivedByInterviewerAtUtc":"2024-02-28T22:05:11.529Z","interviewMode":"UNKNOWN"},{"id":"441c7836fe014a5c8face4bc873aa232","key":"56-74-48-63","assignmentId":2,"identifyingData":[],"questionnaireId":"5ab793ff-c84a-4211-858d-f168bbd90cf9","questionnaireVersion":1,"questionnaireVariable":"nesting","responsibleName":"ArthurInt123","responsibleId":"cc78158d-e987-4d7e-9cfb-fb4546d2c895","responsibleRole":"INTERVIEWER","supervisorName":"ArthurSup123","status":"APPROVEDBYHEADQUARTERS","actionFlags":["CANBEUNAPPROVEDBYHQ"],"wasCompleted":true,"notAnsweredCount":14,"errorsCount":0,"createdDate":"2021-05-11T18:33:30.991Z","updateDateUtc":"2022-06-28T02:10:48.840Z","receivedByInterviewerAtUtc":null,"interviewMode":"UNKNOWN"},{"id":"a23cf81482c14930a7d215c3ca9ae197","key":"59-33-19-35","assignmentId":37,"identifyingData":[{"answerValue":null,"value":"WURRI
        BAH","valueBool":null,"valueDate":null,"valueLong":null,"valueDouble":null,"isEnabled":true,"entity":{"identifying":true,"label":"","options":[],"questionText":"Name
        of respondent from last wave","scope":"INTERVIEWER","type":"TEXT","variable":"name_respondent"}},{"answerValue":null,"value":"WURRI
        BAH","valueBool":null,"valueDate":null,"valueLong":null,"valueDouble":null,"isEnabled":true,"entity":{"identifying":true,"label":"Name
        of household head","options":[],"questionText":"Name of household head","scope":"INTERVIEWER","type":"TEXT","variable":"name_head"}},{"answerValue":null,"value":"2795181","valueBool":null,"valueDate":null,"valueLong":null,"valueDouble":null,"isEnabled":true,"entity":{"identifying":true,"label":"","options":[],"questionText":"Preferred
        contactnumber","scope":"INTERVIEWER","type":"TEXT","variable":"number_preferred"}},{"answerValue":null,"value":"2795181","valueBool":null,"valueDate":null,"valueLong":null,"valueDouble":null,"isEnabled":true,"entity":{"identifying":true,"label":"","options":[],"questionText":"Contact
        number from last wave","scope":"INTERVIEWER","type":"TEXT","variable":"number_contacted"}},{"answerValue":null,"value":"ANY
        DAY","valueBool":null,"valueDate":null,"valueLong":null,"valueDouble":null,"isEnabled":true,"entity":{"identifying":true,"label":"","options":[],"questionText":"Best
        day(s) to contact","scope":"INTERVIEWER","type":"TEXT","variable":"days_preferred"}},{"answerValue":null,"value":"EVENING","valueBool":null,"valueDate":null,"valueLong":null,"valueDouble":null,"isEnabled":true,"entity":{"identifying":true,"label":"","options":[],"questionText":"Best
        time(s) to contact","scope":"INTERVIEWER","type":"TEXT","variable":"times_preferred"}},{"answerValue":null,"value":"22
        Aug","valueBool":null,"valueDate":null,"valueLong":null,"valueDouble":null,"isEnabled":true,"entity":{"identifying":true,"label":"","options":[],"questionText":"Date
        interviewed last wave","scope":"INTERVIEWER","type":"TEXT","variable":"date_interviewed"}},{"answerValue":null,"value":"11-May","valueBool":null,"valueDate":null,"valueLong":null,"valueDouble":null,"isEnabled":true,"entity":{"identifying":true,"label":null,"options":[],"questionText":"Date
        assigned","scope":"INTERVIEWER","type":"TEXT","variable":"dteasg"}},{"answerValue":null,"value":"4505","valueBool":null,"valueDate":null,"valueLong":4505,"valueDouble":null,"isEnabled":true,"entity":{"identifying":true,"label":"Household
        ID","options":[],"questionText":"Household ID (hhid)","scope":"INTERVIEWER","type":"NUMERIC","variable":"hhid"}},{"answerValue":4,"value":"FULA","valueBool":null,"valueDate":null,"valueLong":null,"valueDouble":null,"isEnabled":true,"entity":{"identifying":true,"label":"","options":[{"parentValue":null,"title":"ENGLISH","value":1},{"parentValue":null,"title":"MANDINKA","value":2},{"parentValue":null,"title":"WOLLOF","value":3},{"parentValue":null,"title":"FULA","value":4},{"parentValue":null,"title":"JOLA","value":5},{"parentValue":null,"title":"SARAHULE","value":6},{"parentValue":null,"title":"SERERE","value":7},{"parentValue":null,"title":"MANJAGO","value":8},{"parentValue":null,"title":"CREOLE/
        AKU MARABOUT","value":9},{"parentValue":null,"title":"BAMBARA","value":10}],"questionText":"Respondent\u0027s
        language","scope":"INTERVIEWER","type":"SINGLEOPTION","variable":"language"}}],"questionnaireId":"5f988101-4a78-43aa-8714-44584093c74d","questionnaireVersion":1,"questionnaireVariable":"GAMBIA_COVID_19Wave6","responsibleName":"ArthurInt123","responsibleId":"cc78158d-e987-4d7e-9cfb-fb4546d2c895","responsibleRole":"INTERVIEWER","supervisorName":"ArthurSup123","status":"INTERVIEWERASSIGNED","actionFlags":["CANCHANGETOCAWI","CANCHANGETOCAPI","CANBEREASSIGNED"],"wasCompleted":false,"notAnsweredCount":42,"errorsCount":0,"createdDate":"2021-05-10T17:00:47.696Z","updateDateUtc":"2024-02-28T22:05:13.249Z","receivedByInterviewerAtUtc":"2024-02-28T22:05:13.242Z","interviewMode":"UNKNOWN"},{"id":"278a7b66348f46e0b413a469db5b0001","key":"93-10-95-19","assignmentId":35,"identifyingData":[{"answerValue":null,"value":"FODAY
        SONKO","valueBool":null,"valueDate":null,"valueLong":null,"valueDouble":null,"isEnabled":true,"entity":{"identifying":true,"label":"","options":[],"questionText":"Name
        of respondent from last wave","scope":"INTERVIEWER","type":"TEXT","variable":"name_respondent"}},{"answerValue":null,"value":"FODAY
        SONKO","valueBool":null,"valueDate":null,"valueLong":null,"valueDouble":null,"isEnabled":true,"entity":{"identifying":true,"label":"Name
        of household head","options":[],"questionText":"Name of household head","scope":"INTERVIEWER","type":"TEXT","variable":"name_head"}},{"answerValue":null,"value":"7401650","valueBool":null,"valueDate":null,"valueLong":null,"valueDouble":null,"isEnabled":true,"entity":{"identifying":true,"label":"","options":[],"questionText":"Preferred
        contactnumber","scope":"INTERVIEWER","type":"TEXT","variable":"number_preferred"}},{"answerValue":null,"value":"7401650","valueBool":null,"valueDate":null,"valueLong":null,"valueDouble":null,"isEnabled":true,"entity":{"identifying":true,"label":"","options":[],"questionText":"Contact
        number from last wave","scope":"INTERVIEWER","type":"TEXT","variable":"number_contacted"}},{"answerValue":null,"value":"ANY
        DAY","valueBool":null,"valueDate":null,"valueLong":null,"valueDouble":null,"isEnabled":true,"entity":{"identifying":true,"label":"","options":[],"questionText":"Best
        day(s) to contact","scope":"INTERVIEWER","type":"TEXT","variable":"days_preferred"}},{"answerValue":null,"value":"ANY
        TIME OF THE DAY","valueBool":null,"valueDate":null,"valueLong":null,"valueDouble":null,"isEnabled":true,"entity":{"identifying":true,"label":"","options":[],"questionText":"Best
        time(s) to contact","scope":"INTERVIEWER","type":"TEXT","variable":"times_preferred"}},{"answerValue":null,"value":"03
        Feb","valueBool":null,"valueDate":null,"valueLong":null,"valueDouble":null,"isEnabled":true,"entity":{"identifying":true,"label":"","options":[],"questionText":"Date
        interviewed last wave","scope":"INTERVIEWER","type":"TEXT","variable":"date_interviewed"}},{"answerValue":null,"value":"11-May","valueBool":null,"valueDate":null,"valueLong":null,"valueDouble":null,"isEnabled":true,"entity":{"identifying":true,"label":null,"options":[],"questionText":"Date
        assigned","scope":"INTERVIEWER","type":"TEXT","variable":"dteasg"}},{"answerValue":null,"value":"13414","valueBool":null,"valueDate":null,"valueLong":13414,"valueDouble":null,"isEnabled":true,"entity":{"identifying":true,"label":"Household
        ID","options":[],"questionText":"Household ID (hhid)","scope":"INTERVIEWER","type":"NUMERIC","variable":"hhid"}},{"answerValue":2,"value":"MANDINKA","valueBool":null,"valueDate":null,"valueLong":null,"valueDouble":null,"isEnabled":true,"entity":{"identifying":true,"label":"","options":[{"parentValue":null,"title":"ENGLISH","value":1},{"parentValue":null,"title":"MANDINKA","value":2},{"parentValue":null,"title":"WOLLOF","value":3},{"parentValue":null,"title":"FULA","value":4},{"parentValue":null,"title":"JOLA","value":5},{"parentValue":null,"title":"SARAHULE","value":6},{"parentValue":null,"title":"SERERE","value":7},{"parentValue":null,"title":"MANJAGO","value":8},{"parentValue":null,"title":"CREOLE/
        AKU MARABOUT","value":9},{"parentValue":null,"title":"BAMBARA","value":10}],"questionText":"Respondent\u0027s
        language","scope":"INTERVIEWER","type":"SINGLEOPTION","variable":"language"}}],"questionnaireId":"5f988101-4a78-43aa-8714-44584093c74d","questionnaireVersion":1,"questionnaireVariable":"GAMBIA_COVID_19Wave6","responsibleName":"ArthurInt123","responsibleId":"cc78158d-e987-4d7e-9cfb-fb4546d2c895","responsibleRole":"INTERVIEWER","supervisorName":"ArthurSup123","status":"COMPLETED","actionFlags":["CANBEAPPROVED","CANBEREJECTED","CANBEREASSIGNED"],"wasCompleted":true,"notAnsweredCount":50,"errorsCount":0,"createdDate":"2021-05-10T17:02:18.733Z","updateDateUtc":"2021-05-11T18:27:40.833Z","receivedByInterviewerAtUtc":null,"interviewMode":"UNKNOWN"},{"id":"9e72325d40b94aa59825556c9e83f5e6","key":"73-40-84-97","assignmentId":48,"identifyingData":[],"questionnaireId":"fabfe7d5-0ec9-4291-9fbc-ac423b7d7b5d","questionnaireVersion":1,"questionnaireVariable":"export_reusable_translation","responsibleName":"ArthurInt123","responsibleId":"cc78158d-e987-4d7e-9cfb-fb4546d2c895","responsibleRole":"INTERVIEWER","supervisorName":"ArthurSup123","status":"COMPLETED","actionFlags":["CANBEAPPROVED","CANBEREJECTED","CANBEREASSIGNED"],"wasCompleted":true,"notAnsweredCount":0,"errorsCount":0,"createdDate":"2023-07-04T23:12:20.129Z","updateDateUtc":"2023-07-04T23:12:28.352Z","receivedByInterviewerAtUtc":null,"interviewMode":"CAPI"},{"id":"0c66e4bb9b8c485ab849c726c9c28fa8","key":"72-06-00-57","assignmentId":12,"identifyingData":[{"answerValue":null,"value":"ISATOU
        CAMARA","valueBool":null,"valueDate":null,"valueLong":null,"valueDouble":null,"isEnabled":true,"entity":{"identifying":true,"label":"","options":[],"questionText":"Name
        of respondent from last wave","scope":"INTERVIEWER","type":"TEXT","variable":"name_respondent"}},{"answerValue":null,"value":"ISATOU
        CAMARA","valueBool":null,"valueDate":null,"valueLong":null,"valueDouble":null,"isEnabled":true,"entity":{"identifying":true,"label":"Name
        of household head","options":[],"questionText":"Name of household head","scope":"INTERVIEWER","type":"TEXT","variable":"name_head"}},{"answerValue":null,"value":"3853529","valueBool":null,"valueDate":null,"valueLong":null,"valueDouble":null,"isEnabled":true,"entity":{"identifying":true,"label":"","options":[],"questionText":"Preferred
        contactnumber","scope":"INTERVIEWER","type":"TEXT","variable":"number_preferred"}},{"answerValue":null,"value":"3853529","valueBool":null,"valueDate":null,"valueLong":null,"valueDouble":null,"isEnabled":true,"entity":{"identifying":true,"label":"","options":[],"questionText":"Contact
        number from last wave","scope":"INTERVIEWER","type":"TEXT","variable":"number_contacted"}},{"answerValue":null,"value":"ANY
        DAY","valueBool":null,"valueDate":null,"valueLong":null,"valueDouble":null,"isEnabled":true,"entity":{"identifying":true,"label":"","options":[],"questionText":"Best
        day(s) to contact","scope":"INTERVIEWER","type":"TEXT","variable":"days_preferred"}},{"answerValue":null,"value":"ANY
        TIME OF THE DAY","valueBool":null,"valueDate":null,"valueLong":null,"valueDouble":null,"isEnabled":true,"entity":{"identifying":true,"label":"","options":[],"questionText":"Best
        time(s) to contact","scope":"INTERVIEWER","type":"TEXT","variable":"times_preferred"}},{"answerValue":null,"value":"28
        Nov","valueBool":null,"valueDate":null,"valueLong":null,"valueDouble":null,"isEnabled":true,"entity":{"identifying":true,"label":"","options":[],"questionText":"Date
        interviewed last wave","scope":"INTERVIEWER","type":"TEXT","variable":"date_interviewed"}},{"answerValue":null,"value":"23-Mar","valueBool":null,"valueDate":null,"valueLong":null,"valueDouble":null,"isEnabled":true,"entity":{"identifying":true,"label":null,"options":[],"questionText":"Date
        assigned","scope":"INTERVIEWER","type":"TEXT","variable":"dteasg"}},{"answerValue":null,"value":"3712","valueBool":null,"valueDate":null,"valueLong":3712,"valueDouble":null,"isEnabled":true,"entity":{"identifying":true,"label":"Household
        ID","options":[],"questionText":"Household ID (hhid)","scope":"INTERVIEWER","type":"NUMERIC","variable":"hhid"}},{"answerValue":2,"value":"MANDINKA","valueBool":null,"valueDate":null,"valueLong":null,"valueDouble":null,"isEnabled":true,"entity":{"identifying":true,"label":"","options":[{"parentValue":null,"title":"ENGLISH","value":1},{"parentValue":null,"title":"MANDINKA","value":2},{"parentValue":null,"title":"WOLLOF","value":3},{"parentValue":null,"title":"FULA","value":4},{"parentValue":null,"title":"JOLA","value":5},{"parentValue":null,"title":"SARAHULE","value":6},{"parentValue":null,"title":"SERERE","value":7},{"parentValue":null,"title":"MANJAGO","value":8},{"parentValue":null,"title":"CREOLE/
        AKU MARABOUT","value":9},{"parentValue":null,"title":"BAMBARA","value":10}],"questionText":"Respondent\u0027s
        language","scope":"INTERVIEWER","type":"SINGLEOPTION","variable":"language"}}],"questionnaireId":"e71bcb42-a2aa-420f-a7e9-5f0ddc791b91","questionnaireVersion":1,"questionnaireVariable":"GAMBIA_COVID_19Wave5","responsibleName":"ArthurInt123","responsibleId":"cc78158d-e987-4d7e-9cfb-fb4546d2c895","responsibleRole":"INTERVIEWER","supervisorName":"ArthurSup123","status":"INTERVIEWERASSIGNED","actionFlags":["CANCHANGETOCAWI","CANCHANGETOCAPI","CANBEREASSIGNED"],"wasCompleted":false,"notAnsweredCount":84,"errorsCount":0,"createdDate":"2021-03-22T23:09:14.176Z","updateDateUtc":"2024-02-28T22:05:02.834Z","receivedByInterviewerAtUtc":"2024-02-28T22:05:02.621Z","interviewMode":"UNKNOWN"},{"id":"192377d27a9846219536191372f884ab","key":"21-71-01-74","assignmentId":22,"identifyingData":[{"answerValue":null,"value":"RAMATOULIR
        BAH","valueBool":null,"valueDate":null,"valueLong":null,"valueDouble":null,"isEnabled":true,"entity":{"identifying":true,"label":"","options":[],"questionText":"Name
        of respondent from last wave","scope":"INTERVIEWER","type":"TEXT","variable":"name_respondent"}},{"answerValue":null,"value":"RAMATOULIR
        BAH","valueBool":null,"valueDate":null,"valueLong":null,"valueDouble":null,"isEnabled":true,"entity":{"identifying":true,"label":"Name
        of household head","options":[],"questionText":"Name of household head","scope":"INTERVIEWER","type":"TEXT","variable":"name_head"}},{"answerValue":null,"value":"2120876","valueBool":null,"valueDate":null,"valueLong":null,"valueDouble":null,"isEnabled":true,"entity":{"identifying":true,"label":"","options":[],"questionText":"Preferred
        contactnumber","scope":"INTERVIEWER","type":"TEXT","variable":"number_preferred"}},{"answerValue":null,"value":"2120876","valueBool":null,"valueDate":null,"valueLong":null,"valueDouble":null,"isEnabled":true,"entity":{"identifying":true,"label":"","options":[],"questionText":"Contact
        number from last wave","scope":"INTERVIEWER","type":"TEXT","variable":"number_contacted"}},{"answerValue":null,"value":"ANY
        DAY","valueBool":null,"valueDate":null,"valueLong":null,"valueDouble":null,"isEnabled":true,"entity":{"identifying":true,"label":"","options":[],"questionText":"Best
        day(s) to contact","scope":"INTERVIEWER","type":"TEXT","variable":"days_preferred"}},{"answerValue":null,"value":"EVENING","valueBool":null,"valueDate":null,"valueLong":null,"valueDouble":null,"isEnabled":true,"entity":{"identifying":true,"label":"","options":[],"questionText":"Best
        time(s) to contact","scope":"INTERVIEWER","type":"TEXT","variable":"times_preferred"}},{"answerValue":null,"value":"08
        Oct","valueBool":null,"valueDate":null,"valueLong":null,"valueDouble":null,"isEnabled":true,"entity":{"identifying":true,"label":"","options":[],"questionText":"Date
        interviewed last wave","scope":"INTERVIEWER","type":"TEXT","variable":"date_interviewed"}},{"answerValue":null,"value":"23-Mar","valueBool":null,"valueDate":null,"valueLong":null,"valueDouble":null,"isEnabled":true,"entity":{"identifying":true,"label":null,"options":[],"questionText":"Date
        assigned","scope":"INTERVIEWER","type":"TEXT","variable":"dteasg"}},{"answerValue":null,"value":"27514","valueBool":null,"valueDate":null,"valueLong":27514,"valueDouble":null,"isEnabled":true,"entity":{"identifying":true,"label":"Household
        ID","options":[],"questionText":"Household ID (hhid)","scope":"INTERVIEWER","type":"NUMERIC","variable":"hhid"}},{"answerValue":4,"value":"FULA","valueBool":null,"valueDate":null,"valueLong":null,"valueDouble":null,"isEnabled":true,"entity":{"identifying":true,"label":"","options":[{"parentValue":null,"title":"ENGLISH","value":1},{"parentValue":null,"title":"MANDINKA","value":2},{"parentValue":null,"title":"WOLLOF","value":3},{"parentValue":null,"title":"FULA","value":4},{"parentValue":null,"title":"JOLA","value":5},{"parentValue":null,"title":"SARAHULE","value":6},{"parentValue":null,"title":"SERERE","value":7},{"parentValue":null,"title":"MANJAGO","value":8},{"parentValue":null,"title":"CREOLE/
        AKU MARABOUT","value":9},{"parentValue":null,"title":"BAMBARA","value":10}],"questionText":"Respondent\u0027s
        language","scope":"INTERVIEWER","type":"SINGLEOPTION","variable":"language"}}],"questionnaireId":"e71bcb42-a2aa-420f-a7e9-5f0ddc791b91","questionnaireVersion":3,"questionnaireVariable":"GAMBIA_COVID_19Wave5","responsibleName":"ArthurInt123","responsibleId":"cc78158d-e987-4d7e-9cfb-fb4546d2c895","responsibleRole":"INTERVIEWER","supervisorName":"ArthurSup123","status":"INTERVIEWERASSIGNED","actionFlags":["CANCHANGETOCAWI","CANCHANGETOCAPI","CANBEREASSIGNED"],"wasCompleted":false,"notAnsweredCount":67,"errorsCount":2,"createdDate":"2021-03-24T18:36:00.742Z","updateDateUtc":"2024-02-28T22:05:05.529Z","receivedByInterviewerAtUtc":"2024-02-28T22:05:05.513Z","interviewMode":"UNKNOWN"},{"id":"b484eecf939e4618a5d5023af44e5392","key":"62-37-74-66","assignmentId":18,"identifyingData":[{"answerValue":null,"value":"ABLIE
        SANNEH","valueBool":null,"valueDate":null,"valueLong":null,"valueDouble":null,"isEnabled":true,"entity":{"identifying":true,"label":"","options":[],"questionText":"Name
        of respondent from last wave","scope":"INTERVIEWER","type":"TEXT","variable":"name_respondent"}},{"answerValue":null,"value":"ABLIE
        SANNEH","valueBool":null,"valueDate":null,"valueLong":null,"valueDouble":null,"isEnabled":true,"entity":{"identifying":true,"label":"Name
        of household head","options":[],"questionText":"Name of household head","scope":"INTERVIEWER","type":"TEXT","variable":"name_head"}},{"answerValue":null,"value":"6481077","valueBool":null,"valueDate":null,"valueLong":null,"valueDouble":null,"isEnabled":true,"entity":{"identifying":true,"label":"","options":[],"questionText":"Preferred
        contactnumber","scope":"INTERVIEWER","type":"TEXT","variable":"number_preferred"}},{"answerValue":null,"value":"6481077","valueBool":null,"valueDate":null,"valueLong":null,"valueDouble":null,"isEnabled":true,"entity":{"identifying":true,"label":"","options":[],"questionText":"Contact
        number from last wave","scope":"INTERVIEWER","type":"TEXT","variable":"number_contacted"}},{"answerValue":null,"value":"ANY
        DAY","valueBool":null,"valueDate":null,"valueLong":null,"valueDouble":null,"isEnabled":true,"entity":{"identifying":true,"label":"","options":[],"questionText":"Best
        day(s) to contact","scope":"INTERVIEWER","type":"TEXT","variable":"days_preferred"}},{"answerValue":null,"value":"ANY
        TIME OF THE DAY","valueBool":null,"valueDate":null,"valueLong":null,"valueDouble":null,"isEnabled":true,"entity":{"identifying":true,"label":"","options":[],"questionText":"Best
        time(s) to contact","scope":"INTERVIEWER","type":"TEXT","variable":"times_preferred"}},{"answerValue":null,"value":"07
        Dec","valueBool":null,"valueDate":null,"valueLong":null,"valueDouble":null,"isEnabled":true,"entity":{"identifying":true,"label":"","options":[],"questionText":"Date
        interviewed last wave","scope":"INTERVIEWER","type":"TEXT","variable":"date_interviewed"}},{"answerValue":null,"value":"23-Mar","valueBool":null,"valueDate":null,"valueLong":null,"valueDouble":null,"isEnabled":true,"entity":{"identifying":true,"label":null,"options":[],"questionText":"Date
        assigned","scope":"INTERVIEWER","type":"TEXT","variable":"dteasg"}},{"answerValue":null,"value":"12704","valueBool":null,"valueDate":null,"valueLong":12704,"valueDouble":null,"isEnabled":true,"entity":{"identifying":true,"label":"Household
        ID","options":[],"questionText":"Household ID (hhid)","scope":"INTERVIEWER","type":"NUMERIC","variable":"hhid"}},{"answerValue":2,"value":"MANDINKA","valueBool":null,"valueDate":null,"valueLong":null,"valueDouble":null,"isEnabled":true,"entity":{"identifying":true,"label":"","options":[{"parentValue":null,"title":"ENGLISH","value":1},{"parentValue":null,"title":"MANDINKA","value":2},{"parentValue":null,"title":"WOLLOF","value":3},{"parentValue":null,"title":"FULA","value":4},{"parentValue":null,"title":"JOLA","value":5},{"parentValue":null,"title":"SARAHULE","value":6},{"parentValue":null,"title":"SERERE","value":7},{"parentValue":null,"title":"MANJAGO","value":8},{"parentValue":null,"title":"CREOLE/
        AKU MARABOUT","value":9},{"parentValue":null,"title":"BAMBARA","value":10}],"questionText":"Respondent\u0027s
        language","scope":"INTERVIEWER","type":"SINGLEOPTION","variable":"language"}}],"questionnaireId":"e71bcb42-a2aa-420f-a7e9-5f0ddc791b91","questionnaireVersion":3,"questionnaireVariable":"GAMBIA_COVID_19Wave5","responsibleName":"ArthurInt123","responsibleId":"cc78158d-e987-4d7e-9cfb-fb4546d2c895","responsibleRole":"INTERVIEWER","supervisorName":"ArthurSup123","status":"INTERVIEWERASSIGNED","actionFlags":["CANCHANGETOCAWI","CANBEREASSIGNED"],"wasCompleted":false,"notAnsweredCount":4,"errorsCount":0,"createdDate":"2022-08-22T14:15:35.363Z","updateDateUtc":"2024-02-28T22:05:08.142Z","receivedByInterviewerAtUtc":"2024-02-28T22:05:08.130Z","interviewMode":"CAPI"},{"id":"410d0fa3db3144b3ac2fb6fc32cfc9db","key":"74-54-75-44","assignmentId":43,"identifyingData":[{"answerValue":null,"value":"SARJO
        K K JAITEH","valueBool":null,"valueDate":null,"valueLong":null,"valueDouble":null,"isEnabled":true,"entity":{"identifying":true,"label":"","options":[],"questionText":"Name
        of respondent from last wave","scope":"INTERVIEWER","type":"TEXT","variable":"name_respondent"}},{"answerValue":null,"value":"SARJO
        K K JAITEH","valueBool":null,"valueDate":null,"valueLong":null,"valueDouble":null,"isEnabled":true,"entity":{"identifying":true,"label":"Name
        of household head","options":[],"questionText":"Name of household head","scope":"INTERVIEWER","type":"TEXT","variable":"name_head"}},{"answerValue":null,"value":"7947677","valueBool":null,"valueDate":null,"valueLong":null,"valueDouble":null,"isEnabled":true,"entity":{"identifying":true,"label":"","options":[],"questionText":"Preferred
        contactnumber","scope":"INTERVIEWER","type":"TEXT","variable":"number_preferred"}},{"answerValue":null,"value":"7947677","valueBool":null,"valueDate":null,"valueLong":null,"valueDouble":null,"isEnabled":true,"entity":{"identifying":true,"label":"","options":[],"questionText":"Contact
        number from last wave","scope":"INTERVIEWER","type":"TEXT","variable":"number_contacted"}},{"answerValue":null,"value":"ANY
        DAY","valueBool":null,"valueDate":null,"valueLong":null,"valueDouble":null,"isEnabled":true,"entity":{"identifying":true,"label":"","options":[],"questionText":"Best
        day(s) to contact","scope":"INTERVIEWER","type":"TEXT","variable":"days_preferred"}},{"answerValue":null,"value":"ANY
        TIME OF THE DAY","valueBool":null,"valueDate":null,"valueLong":null,"valueDouble":null,"isEnabled":true,"entity":{"identifying":true,"label":"","options":[],"questionText":"Best
        time(s) to contact","scope":"INTERVIEWER","type":"TEXT","variable":"times_preferred"}},{"answerValue":null,"value":"27
        Mar","valueBool":null,"valueDate":null,"valueLong":null,"valueDouble":null,"isEnabled":true,"entity":{"identifying":true,"label":"","options":[],"questionText":"Date
        interviewed last wave","scope":"INTERVIEWER","type":"TEXT","variable":"date_interviewed"}},{"answerValue":null,"value":"18-May","valueBool":null,"valueDate":null,"valueLong":null,"valueDouble":null,"isEnabled":true,"entity":{"identifying":true,"label":null,"options":[],"questionText":"Date
        assigned","scope":"INTERVIEWER","type":"TEXT","variable":"dteasg"}},{"answerValue":null,"value":"1410","valueBool":null,"valueDate":null,"valueLong":1410,"valueDouble":null,"isEnabled":true,"entity":{"identifying":true,"label":"Household
        ID","options":[],"questionText":"Household ID (hhid)","scope":"INTERVIEWER","type":"NUMERIC","variable":"hhid"}},{"answerValue":2,"value":"MANDINKA","valueBool":null,"valueDate":null,"valueLong":null,"valueDouble":null,"isEnabled":true,"entity":{"identifying":true,"label":"","options":[{"parentValue":null,"title":"ENGLISH","value":1},{"parentValue":null,"title":"MANDINKA","value":2},{"parentValue":null,"title":"WOLLOF","value":3},{"parentValue":null,"title":"FULA","value":4},{"parentValue":null,"title":"JOLA","value":5},{"parentValue":null,"title":"SARAHULE","value":6},{"parentValue":null,"title":"SERERE","value":7},{"parentValue":null,"title":"MANJAGO","value":8},{"parentValue":null,"title":"CREOLE/
        AKU MARABOUT","value":9},{"parentValue":null,"title":"BAMBARA","value":10}],"questionText":"Respondent\u0027s
        language","scope":"INTERVIEWER","type":"SINGLEOPTION","variable":"language"}}],"questionnaireId":"5f988101-4a78-43aa-8714-44584093c74d","questionnaireVersion":1,"questionnaireVariable":"GAMBIA_COVID_19Wave6","responsibleName":"IntFtF123","responsibleId":"5517d392-5b40-4b3d-99b6-4aae75d21f2b","responsibleRole":"INTERVIEWER","supervisorName":"ArthurSup123","status":"REJECTEDBYSUPERVISOR","actionFlags":["CANCHANGETOCAWI","CANBEAPPROVED","CANBEREASSIGNED"],"wasCompleted":true,"notAnsweredCount":4,"errorsCount":0,"createdDate":"2022-02-02T22:15:45.077Z","updateDateUtc":"2023-09-18T14:37:17.843Z","receivedByInterviewerAtUtc":"2023-09-18T14:37:17.602Z","interviewMode":"CAPI"},{"id":"cf712ad8688844b8bce4719fd7303907","key":"86-02-27-20","assignmentId":48,"identifyingData":[],"questionnaireId":"fabfe7d5-0ec9-4291-9fbc-ac423b7d7b5d","questionnaireVersion":1,"questionnaireVariable":"export_reusable_translation","responsibleName":"ArthurInt123","responsibleId":"cc78158d-e987-4d7e-9cfb-fb4546d2c895","responsibleRole":"INTERVIEWER","supervisorName":"ArthurSup123","status":"COMPLETED","actionFlags":["CANBEAPPROVED","CANBEREJECTED","CANBEREASSIGNED"],"wasCompleted":true,"notAnsweredCount":0,"errorsCount":0,"createdDate":"2023-07-04T23:12:34.177Z","updateDateUtc":"2023-07-04T23:12:39.952Z","receivedByInterviewerAtUtc":null,"interviewMode":"CAPI"},{"id":"00a88ae22e8241ef92ecffb20dae8f59","key":"03-35-70-22","assignmentId":20,"identifyingData":[{"answerValue":null,"value":"MOMODOU
        SAIDOU BAH","valueBool":null,"valueDate":null,"valueLong":null,"valueDouble":null,"isEnabled":true,"entity":{"identifying":true,"label":"","options":[],"questionText":"Name
        of respondent from last wave","scope":"INTERVIEWER","type":"TEXT","variable":"name_respondent"}},{"answerValue":null,"value":"MOMODOU
        SAIDOU BAH","valueBool":null,"valueDate":null,"valueLong":null,"valueDouble":null,"isEnabled":true,"entity":{"identifying":true,"label":"Name
        of household head","options":[],"questionText":"Name of household head","scope":"INTERVIEWER","type":"TEXT","variable":"name_head"}},{"answerValue":null,"value":"7005850","valueBool":null,"valueDate":null,"valueLong":null,"valueDouble":null,"isEnabled":true,"entity":{"identifying":true,"label":"","options":[],"questionText":"Preferred
        contactnumber","scope":"INTERVIEWER","type":"TEXT","variable":"number_preferred"}},{"answerValue":null,"value":"7005850","valueBool":null,"valueDate":null,"valueLong":null,"valueDouble":null,"isEnabled":true,"entity":{"identifying":true,"label":"","options":[],"questionText":"Contact
        number from last wave","scope":"INTERVIEWER","type":"TEXT","variable":"number_contacted"}},{"answerValue":null,"value":"ANY
        DAY","valueBool":null,"valueDate":null,"valueLong":null,"valueDouble":null,"isEnabled":true,"entity":{"identifying":true,"label":"","options":[],"questionText":"Best
        day(s) to contact","scope":"INTERVIEWER","type":"TEXT","variable":"days_preferred"}},{"answerValue":null,"value":"ANY
        TIME OF THE DAY","valueBool":null,"valueDate":null,"valueLong":null,"valueDouble":null,"isEnabled":true,"entity":{"identifying":true,"label":"","options":[],"questionText":"Best
        time(s) to contact","scope":"INTERVIEWER","type":"TEXT","variable":"times_preferred"}},{"answerValue":null,"value":"20
        Oct","valueBool":null,"valueDate":null,"valueLong":null,"valueDouble":null,"isEnabled":true,"entity":{"identifying":true,"label":"","options":[],"questionText":"Date
        interviewed last wave","scope":"INTERVIEWER","type":"TEXT","variable":"date_interviewed"}},{"answerValue":null,"value":"23-Mar","valueBool":null,"valueDate":null,"valueLong":null,"valueDouble":null,"isEnabled":true,"entity":{"identifying":true,"label":null,"options":[],"questionText":"Date
        assigned","scope":"INTERVIEWER","type":"TEXT","variable":"dteasg"}},{"answerValue":null,"value":"319","valueBool":null,"valueDate":null,"valueLong":319,"valueDouble":null,"isEnabled":true,"entity":{"identifying":true,"label":"Household
        ID","options":[],"questionText":"Household ID (hhid)","scope":"INTERVIEWER","type":"NUMERIC","variable":"hhid"}},{"answerValue":4,"value":"FULA","valueBool":null,"valueDate":null,"valueLong":null,"valueDouble":null,"isEnabled":true,"entity":{"identifying":true,"label":"","options":[{"parentValue":null,"title":"ENGLISH","value":1},{"parentValue":null,"title":"MANDINKA","value":2},{"parentValue":null,"title":"WOLLOF","value":3},{"parentValue":null,"title":"FULA","value":4},{"parentValue":null,"title":"JOLA","value":5},{"parentValue":null,"title":"SARAHULE","value":6},{"parentValue":null,"title":"SERERE","value":7},{"parentValue":null,"title":"MANJAGO","value":8},{"parentValue":null,"title":"CREOLE/
        AKU MARABOUT","value":9},{"parentValue":null,"title":"BAMBARA","value":10}],"questionText":"Respondent\u0027s
        language","scope":"INTERVIEWER","type":"SINGLEOPTION","variable":"language"}}],"questionnaireId":"e71bcb42-a2aa-420f-a7e9-5f0ddc791b91","questionnaireVersion":3,"questionnaireVariable":"GAMBIA_COVID_19Wave5","responsibleName":"ArthurInt123","responsibleId":"cc78158d-e987-4d7e-9cfb-fb4546d2c895","responsibleRole":"INTERVIEWER","supervisorName":"ArthurSup123","status":"INTERVIEWERASSIGNED","actionFlags":["CANCHANGETOCAWI","CANBEDELETED","CANBEREASSIGNED"],"wasCompleted":false,"notAnsweredCount":6,"errorsCount":0,"createdDate":"2024-04-30T17:42:12.369Z","updateDateUtc":"2024-04-30T17:43:16.995Z","receivedByInterviewerAtUtc":null,"interviewMode":"CAPI"},{"id":"7bdf95abab1b4d46b818cdf7546e049f","key":"15-80-14-14","assignmentId":1,"identifyingData":[{"answerValue":null,"value":"1","valueBool":null,"valueDate":null,"valueLong":1,"valueDouble":null,"isEnabled":true,"entity":{"identifying":true,"label":"grappe","options":[],"questionText":"GRAPPE","scope":"INTERVIEWER","type":"NUMERIC","variable":"grappe"}},{"answerValue":null,"value":"1","valueBool":null,"valueDate":null,"valueLong":1,"valueDouble":null,"isEnabled":true,"entity":{"identifying":true,"label":"Identifiant
        du m\u00E9nage","options":[],"questionText":"MENAGE","scope":"INTERVIEWER","type":"NUMERIC","variable":"id_menage"}},{"answerValue":null,"value":"3","valueBool":null,"valueDate":null,"valueLong":3,"valueDouble":null,"isEnabled":true,"entity":{"identifying":true,"label":"Vague","options":[],"questionText":"VAGUE","scope":"INTERVIEWER","type":"NUMERIC","variable":"vague"}},{"answerValue":null,"value":"Arthur
        Shaw","valueBool":null,"valueDate":null,"valueLong":null,"valueDouble":null,"isEnabled":true,"entity":{"identifying":true,"label":"Pr\u00E9nom
        et nom du chef de m\u00E9nage","options":[],"questionText":"Pr\u00E9nom et
        nom du chef de m\u00E9nage","scope":"INTERVIEWER","type":"TEXT","variable":"nom_prenom_cm"}},{"answerValue":null,"value":"123
        Fake Street","valueBool":null,"valueDate":null,"valueLong":null,"valueDouble":null,"isEnabled":true,"entity":{"identifying":true,"label":"Adresse
        (localisation) du m\u00E9nage","options":[],"questionText":"Adresse (localisation)
        du m\u00E9nage","scope":"INTERVIEWER","type":"TEXT","variable":"localisation_menage"}}],"questionnaireId":"5495bfd5-f232-4b3a-8a75-c80056f1898e","questionnaireVersion":1,"questionnaireVariable":"menage","responsibleName":"ArthurInt123","responsibleId":"cc78158d-e987-4d7e-9cfb-fb4546d2c895","responsibleRole":"INTERVIEWER","supervisorName":"ArthurSup123","status":"APPROVEDBYHEADQUARTERS","actionFlags":["CANBEUNAPPROVEDBYHQ"],"wasCompleted":true,"notAnsweredCount":84,"errorsCount":0,"createdDate":"2021-03-15T17:36:22.702Z","updateDateUtc":"2024-10-07T19:23:34.717Z","receivedByInterviewerAtUtc":null,"interviewMode":"UNKNOWN"},{"id":"ab254f43413f479fad3a406b1fb7ef21","key":"00-72-79-46","assignmentId":46,"identifyingData":[{"answerValue":null,"value":"MODOU
        MBYE","valueBool":null,"valueDate":null,"valueLong":null,"valueDouble":null,"isEnabled":true,"entity":{"identifying":true,"label":"","options":[],"questionText":"Name
        of respondent from last wave","scope":"INTERVIEWER","type":"TEXT","variable":"name_respondent"}},{"answerValue":null,"value":"MODOU
        MBYE","valueBool":null,"valueDate":null,"valueLong":null,"valueDouble":null,"isEnabled":true,"entity":{"identifying":true,"label":"Name
        of household head","options":[],"questionText":"Name of household head","scope":"INTERVIEWER","type":"TEXT","variable":"name_head"}},{"answerValue":null,"value":"7320826","valueBool":null,"valueDate":null,"valueLong":null,"valueDouble":null,"isEnabled":true,"entity":{"identifying":true,"label":"","options":[],"questionText":"Preferred
        contactnumber","scope":"INTERVIEWER","type":"TEXT","variable":"number_preferred"}},{"answerValue":null,"value":"7320826","valueBool":null,"valueDate":null,"valueLong":null,"valueDouble":null,"isEnabled":true,"entity":{"identifying":true,"label":"","options":[],"questionText":"Contact
        number from last wave","scope":"INTERVIEWER","type":"TEXT","variable":"number_contacted"}},{"answerValue":null,"value":"ANY
        DAY","valueBool":null,"valueDate":null,"valueLong":null,"valueDouble":null,"isEnabled":true,"entity":{"identifying":true,"label":"","options":[],"questionText":"Best
        day(s) to contact","scope":"INTERVIEWER","type":"TEXT","variable":"days_preferred"}},{"answerValue":null,"value":"ANY
        TIME OF THE DAY","valueBool":null,"valueDate":null,"valueLong":null,"valueDouble":null,"isEnabled":true,"entity":{"identifying":true,"label":"","options":[],"questionText":"Best
        time(s) to contact","scope":"INTERVIEWER","type":"TEXT","variable":"times_preferred"}},{"answerValue":null,"value":"28
        Mar","valueBool":null,"valueDate":null,"valueLong":null,"valueDouble":null,"isEnabled":true,"entity":{"identifying":true,"label":"","options":[],"questionText":"Date
        interviewed last wave","scope":"INTERVIEWER","type":"TEXT","variable":"date_interviewed"}},{"answerValue":null,"value":"18-May","valueBool":null,"valueDate":null,"valueLong":null,"valueDouble":null,"isEnabled":true,"entity":{"identifying":true,"label":null,"options":[],"questionText":"Date
        assigned","scope":"INTERVIEWER","type":"TEXT","variable":"dteasg"}},{"answerValue":null,"value":"24314","valueBool":null,"valueDate":null,"valueLong":24314,"valueDouble":null,"isEnabled":true,"entity":{"identifying":true,"label":"Household
        ID","options":[],"questionText":"Household ID (hhid)","scope":"INTERVIEWER","type":"NUMERIC","variable":"hhid"}},{"answerValue":3,"value":"WOLLOF","valueBool":null,"valueDate":null,"valueLong":null,"valueDouble":null,"isEnabled":true,"entity":{"identifying":true,"label":"","options":[{"parentValue":null,"title":"ENGLISH","value":1},{"parentValue":null,"title":"MANDINKA","value":2},{"parentValue":null,"title":"WOLLOF","value":3},{"parentValue":null,"title":"FULA","value":4},{"parentValue":null,"title":"JOLA","value":5},{"parentValue":null,"title":"SARAHULE","value":6},{"parentValue":null,"title":"SERERE","value":7},{"parentValue":null,"title":"MANJAGO","value":8},{"parentValue":null,"title":"CREOLE/
        AKU MARABOUT","value":9},{"parentValue":null,"title":"BAMBARA","value":10}],"questionText":"Respondent\u0027s
        language","scope":"INTERVIEWER","type":"SINGLEOPTION","variable":"language"}}],"questionnaireId":"5f988101-4a78-43aa-8714-44584093c74d","questionnaireVersion":1,"questionnaireVariable":"GAMBIA_COVID_19Wave6","responsibleName":"IntFtF123","responsibleId":"5517d392-5b40-4b3d-99b6-4aae75d21f2b","responsibleRole":"INTERVIEWER","supervisorName":"ArthurSup123","status":"COMPLETED","actionFlags":["CANBEAPPROVED","CANBEREJECTED","CANBEREASSIGNED"],"wasCompleted":true,"notAnsweredCount":6,"errorsCount":0,"createdDate":"2022-02-02T22:17:04.575Z","updateDateUtc":"2022-02-02T22:21:08.310Z","receivedByInterviewerAtUtc":null,"interviewMode":"CAPI"},{"id":"11c9325178d24a0db3c5dbeca8a7a134","key":"58-64-71-45","assignmentId":7,"identifyingData":[{"answerValue":null,"value":"ANCHA
        BOYE","valueBool":null,"valueDate":null,"valueLong":null,"valueDouble":null,"isEnabled":true,"entity":{"identifying":true,"label":"","options":[],"questionText":"Name
        of respondent from last wave","scope":"INTERVIEWER","type":"TEXT","variable":"name_respondent"}},{"answerValue":null,"value":"HAJI
        NDOUGE","valueBool":null,"valueDate":null,"valueLong":null,"valueDouble":null,"isEnabled":true,"entity":{"identifying":true,"label":"Name
        of household head","options":[],"questionText":"Name of household head","scope":"INTERVIEWER","type":"TEXT","variable":"name_head"}},{"answerValue":null,"value":"3671188","valueBool":null,"valueDate":null,"valueLong":null,"valueDouble":null,"isEnabled":true,"entity":{"identifying":true,"label":"","options":[],"questionText":"Preferred
        contactnumber","scope":"INTERVIEWER","type":"TEXT","variable":"number_preferred"}},{"answerValue":null,"value":"3671188","valueBool":null,"valueDate":null,"valueLong":null,"valueDouble":null,"isEnabled":true,"entity":{"identifying":true,"label":"","options":[],"questionText":"Contact
        number from last wave","scope":"INTERVIEWER","type":"TEXT","variable":"number_contacted"}},{"answerValue":null,"value":"ANY
        DAY","valueBool":null,"valueDate":null,"valueLong":null,"valueDouble":null,"isEnabled":true,"entity":{"identifying":true,"label":"","options":[],"questionText":"Best
        day(s) to contact","scope":"INTERVIEWER","type":"TEXT","variable":"days_preferred"}},{"answerValue":null,"value":"ANY
        TIME OF THE DAY","valueBool":null,"valueDate":null,"valueLong":null,"valueDouble":null,"isEnabled":true,"entity":{"identifying":true,"label":"","options":[],"questionText":"Best
        time(s) to contact","scope":"INTERVIEWER","type":"TEXT","variable":"times_preferred"}},{"answerValue":null,"value":"03
        Feb","valueBool":null,"valueDate":null,"valueLong":null,"valueDouble":null,"isEnabled":true,"entity":{"identifying":true,"label":"","options":[],"questionText":"Date
        interviewed last wave","scope":"INTERVIEWER","type":"TEXT","variable":"date_interviewed"}},{"answerValue":null,"value":"23-Mar","valueBool":null,"valueDate":null,"valueLong":null,"valueDouble":null,"isEnabled":true,"entity":{"identifying":true,"label":null,"options":[],"questionText":"Date
        assigned","scope":"INTERVIEWER","type":"TEXT","variable":"dteasg"}},{"answerValue":null,"value":"25217","valueBool":null,"valueDate":null,"valueLong":25217,"valueDouble":null,"isEnabled":true,"entity":{"identifying":true,"label":"Household
        ID","options":[],"questionText":"Household ID (hhid)","scope":"INTERVIEWER","type":"NUMERIC","variable":"hhid"}},{"answerValue":3,"value":"WOLLOF","valueBool":null,"valueDate":null,"valueLong":null,"valueDouble":null,"isEnabled":true,"entity":{"identifying":true,"label":"","options":[{"parentValue":null,"title":"ENGLISH","value":1},{"parentValue":null,"title":"MANDINKA","value":2},{"parentValue":null,"title":"WOLLOF","value":3},{"parentValue":null,"title":"FULA","value":4},{"parentValue":null,"title":"JOLA","value":5},{"parentValue":null,"title":"SARAHULE","value":6},{"parentValue":null,"title":"SERERE","value":7},{"parentValue":null,"title":"MANJAGO","value":8},{"parentValue":null,"title":"CREOLE/
        AKU MARABOUT","value":9},{"parentValue":null,"title":"BAMBARA","value":10}],"questionText":"Respondent\u0027s
        language","scope":"INTERVIEWER","type":"SINGLEOPTION","variable":"language"}}],"questionnaireId":"e71bcb42-a2aa-420f-a7e9-5f0ddc791b91","questionnaireVersion":1,"questionnaireVariable":"GAMBIA_COVID_19Wave5","responsibleName":"ArthurInt123","responsibleId":"cc78158d-e987-4d7e-9cfb-fb4546d2c895","responsibleRole":"INTERVIEWER","supervisorName":"ArthurSup123","status":"INTERVIEWERASSIGNED","actionFlags":["CANCHANGETOCAWI","CANCHANGETOCAPI","CANBEREASSIGNED"],"wasCompleted":false,"notAnsweredCount":114,"errorsCount":0,"createdDate":"2021-03-22T23:00:15.374Z","updateDateUtc":"2024-02-28T22:05:17.610Z","receivedByInterviewerAtUtc":"2024-02-28T22:05:17.582Z","interviewMode":"UNKNOWN"},{"id":"8c86f70fe831450f98533a28f90946c9","key":"37-11-42-43","assignmentId":17,"identifyingData":[{"answerValue":null,"value":"RAMATOULIR
        BAH","valueBool":null,"valueDate":null,"valueLong":null,"valueDouble":null,"isEnabled":true,"entity":{"identifying":true,"label":"","options":[],"questionText":"Name
        of respondent from last wave","scope":"INTERVIEWER","type":"TEXT","variable":"name_respondent"}},{"answerValue":null,"value":"RAMATOULIR
        BAH","valueBool":null,"valueDate":null,"valueLong":null,"valueDouble":null,"isEnabled":true,"entity":{"identifying":true,"label":"Name
        of household head","options":[],"questionText":"Name of household head","scope":"INTERVIEWER","type":"TEXT","variable":"name_head"}},{"answerValue":null,"value":"2120876","valueBool":null,"valueDate":null,"valueLong":null,"valueDouble":null,"isEnabled":true,"entity":{"identifying":true,"label":"","options":[],"questionText":"Preferred
        contactnumber","scope":"INTERVIEWER","type":"TEXT","variable":"number_preferred"}},{"answerValue":null,"value":"2120876","valueBool":null,"valueDate":null,"valueLong":null,"valueDouble":null,"isEnabled":true,"entity":{"identifying":true,"label":"","options":[],"questionText":"Contact
        number from last wave","scope":"INTERVIEWER","type":"TEXT","variable":"number_contacted"}},{"answerValue":null,"value":"ANY
        DAY","valueBool":null,"valueDate":null,"valueLong":null,"valueDouble":null,"isEnabled":true,"entity":{"identifying":true,"label":"","options":[],"questionText":"Best
        day(s) to contact","scope":"INTERVIEWER","type":"TEXT","variable":"days_preferred"}},{"answerValue":null,"value":"EVENING","valueBool":null,"valueDate":null,"valueLong":null,"valueDouble":null,"isEnabled":true,"entity":{"identifying":true,"label":"","options":[],"questionText":"Best
        time(s) to contact","scope":"INTERVIEWER","type":"TEXT","variable":"times_preferred"}},{"answerValue":null,"value":"08
        Oct","valueBool":null,"valueDate":null,"valueLong":null,"valueDouble":null,"isEnabled":true,"entity":{"identifying":true,"label":"","options":[],"questionText":"Date
        interviewed last wave","scope":"INTERVIEWER","type":"TEXT","variable":"date_interviewed"}},{"answerValue":null,"value":"23-Mar","valueBool":null,"valueDate":null,"valueLong":null,"valueDouble":null,"isEnabled":true,"entity":{"identifying":true,"label":null,"options":[],"questionText":"Date
        assigned","scope":"INTERVIEWER","type":"TEXT","variable":"dteasg"}},{"answerValue":null,"value":"27514","valueBool":null,"valueDate":null,"valueLong":27514,"valueDouble":null,"isEnabled":true,"entity":{"identifying":true,"label":"Household
        ID","options":[],"questionText":"Household ID (hhid)","scope":"INTERVIEWER","type":"NUMERIC","variable":"hhid"}},{"answerValue":4,"value":"FULA","valueBool":null,"valueDate":null,"valueLong":null,"valueDouble":null,"isEnabled":true,"entity":{"identifying":true,"label":"","options":[{"parentValue":null,"title":"ENGLISH","value":1},{"parentValue":null,"title":"MANDINKA","value":2},{"parentValue":null,"title":"WOLLOF","value":3},{"parentValue":null,"title":"FULA","value":4},{"parentValue":null,"title":"JOLA","value":5},{"parentValue":null,"title":"SARAHULE","value":6},{"parentValue":null,"title":"SERERE","value":7},{"parentValue":null,"title":"MANJAGO","value":8},{"parentValue":null,"title":"CREOLE/
        AKU MARABOUT","value":9},{"parentValue":null,"title":"BAMBARA","value":10}],"questionText":"Respondent\u0027s
        language","scope":"INTERVIEWER","type":"SINGLEOPTION","variable":"language"}}],"questionnaireId":"e71bcb42-a2aa-420f-a7e9-5f0ddc791b91","questionnaireVersion":2,"questionnaireVariable":"GAMBIA_COVID_19Wave5","responsibleName":"ArthurInt123","responsibleId":"cc78158d-e987-4d7e-9cfb-fb4546d2c895","responsibleRole":"INTERVIEWER","supervisorName":"ArthurSup123","status":"INTERVIEWERASSIGNED","actionFlags":["CANCHANGETOCAWI","CANCHANGETOCAPI","CANBEREASSIGNED"],"wasCompleted":false,"notAnsweredCount":67,"errorsCount":1,"createdDate":"2021-03-24T14:33:09.828Z","updateDateUtc":"2024-02-28T22:05:21.939Z","receivedByInterviewerAtUtc":"2024-02-28T22:05:21.847Z","interviewMode":"UNKNOWN"},{"id":"9f32ef1c4f6c482ba076fdd566559142","key":"01-97-70-35","assignmentId":48,"identifyingData":[],"questionnaireId":"fabfe7d5-0ec9-4291-9fbc-ac423b7d7b5d","questionnaireVersion":1,"questionnaireVariable":"export_reusable_translation","responsibleName":"ArthurInt123","responsibleId":"cc78158d-e987-4d7e-9cfb-fb4546d2c895","responsibleRole":"INTERVIEWER","supervisorName":"ArthurSup123","status":"REJECTEDBYSUPERVISOR","actionFlags":["CANCHANGETOCAWI","CANBEAPPROVED","CANBEREASSIGNED"],"wasCompleted":true,"notAnsweredCount":0,"errorsCount":0,"createdDate":"2024-05-01T13:49:18.692Z","updateDateUtc":"2024-05-20T17:35:28.809Z","receivedByInterviewerAtUtc":null,"interviewMode":"CAPI"}],"filteredCount":16}}}'
  recorded_at: 2024-10-07 19:24:06 GMT
  recorded_with: vcr/1.6.0, webmockr/1.0.0
